hello
update by remote
